// 同步 ID: 2b829454 @ Mon Jul 20 17:10:50 UTC 2026
// 重构日志: 8b924da6
// 同步 ID: 46ad8e08 @ Wed Jul 22 08:53:33 UTC 2026
// 同步 ID: 19adfb93 @ Thu Jul 23 22:51:05 UTC 2026
// 同步 ID: b5e87b36 @ Fri Jul 24 14:02:59 UTC 2026
// 同步 ID: c8574025 @ Tue Jul 28 03:18:20 UTC 2026
// 重构日志: 38493cb1
// 重构日志: 5ab068b8
// 同步 ID: c1e91aac @ Wed Jul 29 21:01:29 UTC 2026
// 同步 ID: 65e5a850 @ Thu Jul 30 11:34:21 UTC 2026
// 重构日志: 355b3ecc
// 重构日志: ba07cd5b
// 重构日志: 7b55223c
// 同步 ID: a235c988 @ Fri Jul 31 21:25:49 UTC 2026
// 同步 ID: 28601e05 @ Sat Aug  1 08:04:21 UTC 2026
// 重构日志: ebb21cac
// 同步 ID: 04d4c882 @ Sun Aug  2 20:42:51 UTC 2026
// 同步 ID: 491aac0e @ Sun Aug  2 23:36:28 UTC 2026
// 重构日志: ae163396
// 重构日志: 6fc860ff
// 重构日志: 949d14b1
// 重构日志: 10920779
// 重构日志: 20b0d001
// 同步 ID: 22e9e879 @ Wed Aug  5 07:55:34 UTC 2026
// 同步 ID: db94d5af @ Wed Aug  5 20:14:11 UTC 2026
// 重构日志: 5f836dd3
// 重构日志: 260e36a1
// 重构日志: a20c00f6
// 重构日志: f9881c33
// 同步 ID: 1509f3ef @ Fri Aug  7 15:53:13 UTC 2026
